---
http_interactions:
- request:
    method: delete
    uri: https://us1.api.mailchimp.com/3.0/ecommerce/stores/dummy-store-id/carts/1
    body:
      encoding: US-ASCII
      string: ''
    headers:
      Authorization:
      - Basic <OMITTED AUTH HEADER>
      Connection:
      - close
      Host:
      - us1.api.mailchimp.com
      User-Agent:
      - http.rb/2.0.2
  response:
    status:
      code: 404
      message: Not Found
    headers:
      Server:
      - nginx
      Content-Type:
      - application/problem+json; charset=utf-8
      Content-Length:
      - '198'
      X-Request-Id:
      - 58496b5b-9d26-46e9-8eaf-6a9c7b62e111
      Link:
      - <https://us1.api.mailchimp.com/schema/3.0/ProblemDetailDocument.json>; rel="describedBy"
      Date:
      - Thu, 04 Aug 2016 16:54:29 GMT
      Connection:
      - close
      Set-Cookie:
      - _AVESTA_ENVIRONMENT=prod; path=/
    body:
      encoding: UTF-8
      string: '{"type":"http://developer.mailchimp.com/documentation/mailchimp/guides/error-glossary/","title":"Resource
        Not Found","status":404,"detail":"The requested resource could not be found.","instance":""}'
    http_version: 
  recorded_at: Thu, 04 Aug 2016 16:54:29 GMT
- request:
    method: put
    uri: https://us1.api.mailchimp.com/3.0/ecommerce/stores/dummy-store-id/customers/1-test-order-synchronizer-at-friendsoftheweb.org
    body:
      encoding: UTF-8
      string: '{"id":"1-test-order-synchronizer-at-friendsoftheweb.org","email_address":"test-order-synchronizer@friendsoftheweb.org","opt_in_status":false}'
    headers:
      Authorization:
      - Basic <OMITTED AUTH HEADER>
      Connection:
      - close
      Content-Type:
      - application/json; charset=UTF-8
      Host:
      - us1.api.mailchimp.com
      User-Agent:
      - http.rb/2.0.2
  response:
    status:
      code: 200
      message: OK
    headers:
      Server:
      - nginx
      Content-Type:
      - application/json; charset=utf-8
      Content-Length:
      - '1611'
      Vary:
      - Accept-Encoding
      X-Request-Id:
      - ac96d352-4eb7-484a-adb1-a0f39bdaa9c2
      Link:
      - <https://us1.api.mailchimp.com/schema/3.0/Ecommerce/Stores/Customers/Instance.json>;
        rel="describedBy"
      Date:
      - Thu, 04 Aug 2016 16:54:29 GMT
      Connection:
      - close
      Set-Cookie:
      - _AVESTA_ENVIRONMENT=prod; path=/
    body:
      encoding: UTF-8
      string: '{"id":"1-test-order-synchronizer-at-friendsoftheweb.org","email_address":"test-order-synchronizer@friendsoftheweb.org","opt_in_status":false,"company":"","first_name":"","last_name":"","orders_count":0,"total_spent":0,"address":{"address1":"","address2":"","city":"","province":"","province_code":"","postal_code":"","country":"","country_code":""},"created_at":"2016-08-04T16:54:29+00:00","updated_at":"2016-08-04T16:54:29+00:00","_links":[{"rel":"self","href":"https://us1.api.mailchimp.com/3.0/ecommerce/stores/dummy-store-id/customers/1-test-order-synchronizer-at-friendsoftheweb.org","method":"GET","targetSchema":"https://us1.api.mailchimp.com/schema/3.0/Ecommerce/Stores/Customers/Instance.json"},{"rel":"parent","href":"https://us1.api.mailchimp.com/3.0/ecommerce/stores/dummy-store-id/customers","method":"GET","targetSchema":"https://us1.api.mailchimp.com/schema/3.0/Ecommerce/Stores/Customers/Collection.json"},{"rel":"update","href":"https://us1.api.mailchimp.com/3.0/ecommerce/stores/dummy-store-id/customers/1-test-order-synchronizer-at-friendsoftheweb.org","method":"PATCH","schema":"https://us1.api.mailchimp.com/schema/3.0/Ecommerce/Stores/Customers/Instance.json"},{"rel":"upsert","href":"https://us1.api.mailchimp.com/3.0/ecommerce/stores/dummy-store-id/customers/1-test-order-synchronizer-at-friendsoftheweb.org","method":"PUT","schema":"https://us1.api.mailchimp.com/schema/3.0/Ecommerce/Stores/Customers/Instance.json"},{"rel":"delete","href":"https://us1.api.mailchimp.com/3.0/ecommerce/stores/dummy-store-id/customers/1-test-order-synchronizer-at-friendsoftheweb.org","method":"DELETE"}]}'
    http_version: 
  recorded_at: Thu, 04 Aug 2016 16:54:29 GMT
- request:
    method: post
    uri: https://us1.api.mailchimp.com/3.0/ecommerce/stores/dummy-store-id/carts
    body:
      encoding: UTF-8
      string: '{"id":"1","customer":{"id":"1-test-order-synchronizer-at-friendsoftheweb.org"},"currency_code":"USD","order_total":120.0,"tax_total":0.0,"lines":[{"id":"1","product_id":"1","product_variant_id":"1","quantity":1,"price":10.0},{"id":"2","product_id":"2","product_variant_id":"2","quantity":1,"price":10.0}],"checkout_url":"http://www.example.com/cart"}'
    headers:
      Authorization:
      - Basic <OMITTED AUTH HEADER>
      Connection:
      - close
      Content-Type:
      - application/json; charset=UTF-8
      Host:
      - us1.api.mailchimp.com
      User-Agent:
      - http.rb/2.0.2
  response:
    status:
      code: 200
      message: OK
    headers:
      Server:
      - nginx
      Content-Type:
      - application/json; charset=utf-8
      Content-Length:
      - '4477'
      Vary:
      - Accept-Encoding
      X-Request-Id:
      - d1dd82c2-a689-44ed-81f7-12190307624e
      Link:
      - <https://us1.api.mailchimp.com/schema/3.0/Ecommerce/Stores/Carts/Instance.json>;
        rel="describedBy"
      Date:
      - Thu, 04 Aug 2016 16:54:29 GMT
      Connection:
      - close
      Set-Cookie:
      - _AVESTA_ENVIRONMENT=prod; path=/
    body:
      encoding: UTF-8
      string: '{"id":"1","customer":{"id":"1-test-order-synchronizer-at-friendsoftheweb.org","email_address":"test-order-synchronizer@friendsoftheweb.org","opt_in_status":false,"company":"","first_name":"","last_name":"","orders_count":0,"total_spent":0,"address":{"address1":"","address2":"","city":"","province":"","province_code":"","postal_code":"","country":"","country_code":""},"created_at":"2016-08-04T16:54:29+00:00","updated_at":"2016-08-04T16:54:29+00:00","_links":[{"rel":"self","href":"https://us1.api.mailchimp.com/3.0/ecommerce/stores/dummy-store-id/customers/1-test-order-synchronizer-at-friendsoftheweb.org","method":"GET","targetSchema":"https://us1.api.mailchimp.com/schema/3.0/Ecommerce/Stores/Customers/Instance.json"},{"rel":"parent","href":"https://us1.api.mailchimp.com/3.0/ecommerce/stores/dummy-store-id/customers","method":"GET","targetSchema":"https://us1.api.mailchimp.com/schema/3.0/Ecommerce/Stores/Customers/Collection.json"},{"rel":"update","href":"https://us1.api.mailchimp.com/3.0/ecommerce/stores/dummy-store-id/customers/1-test-order-synchronizer-at-friendsoftheweb.org","method":"PATCH","schema":"https://us1.api.mailchimp.com/schema/3.0/Ecommerce/Stores/Customers/Instance.json"},{"rel":"upsert","href":"https://us1.api.mailchimp.com/3.0/ecommerce/stores/dummy-store-id/customers/1-test-order-synchronizer-at-friendsoftheweb.org","method":"PUT","schema":"https://us1.api.mailchimp.com/schema/3.0/Ecommerce/Stores/Customers/Instance.json"},{"rel":"delete","href":"https://us1.api.mailchimp.com/3.0/ecommerce/stores/dummy-store-id/customers/1-test-order-synchronizer-at-friendsoftheweb.org","method":"DELETE"}]},"campaign_id":"","checkout_url":"http://www.example.com/cart","currency_code":"USD","order_total":120,"tax_total":0,"lines":[{"id":"1","product_id":"1","product_title":"Product
        #3 - 5975","product_variant_id":"1","product_variant_title":"Goobers - El","quantity":1,"price":10,"_links":[{"rel":"self","href":"https://us1.api.mailchimp.com/3.0/ecommerce/stores/dummy-store-id/carts/1/lines/1","method":"GET","targetSchema":"https://us1.api.mailchimp.com/schema/3.0/Ecommerce/Stores/Carts/Lines/Instance.json"},{"rel":"parent","href":"https://us1.api.mailchimp.com/3.0/ecommerce/stores/dummy-store-id/carts/1","method":"GET","targetSchema":"https://us1.api.mailchimp.com/schema/3.0/Ecommerce/Stores/Carts/Collection.json"},{"rel":"update","href":"https://us1.api.mailchimp.com/3.0/ecommerce/stores/dummy-store-id/carts/1/lines/1","method":"PATCH","schema":"https://us1.api.mailchimp.com/schema/3.0/Ecommerce/Stores/Carts/Lines/Instance.json"},{"rel":"delete","href":"https://us1.api.mailchimp.com/3.0/ecommerce/stores/dummy-store-id/carts/1/lines/1","method":"DELETE"}]},{"id":"2","product_id":"2","product_title":"Product
        #2 - 3729","product_variant_id":"2","product_variant_title":"Goobers - Em","quantity":1,"price":10,"_links":[{"rel":"self","href":"https://us1.api.mailchimp.com/3.0/ecommerce/stores/dummy-store-id/carts/1/lines/2","method":"GET","targetSchema":"https://us1.api.mailchimp.com/schema/3.0/Ecommerce/Stores/Carts/Lines/Instance.json"},{"rel":"parent","href":"https://us1.api.mailchimp.com/3.0/ecommerce/stores/dummy-store-id/carts/1","method":"GET","targetSchema":"https://us1.api.mailchimp.com/schema/3.0/Ecommerce/Stores/Carts/Collection.json"},{"rel":"update","href":"https://us1.api.mailchimp.com/3.0/ecommerce/stores/dummy-store-id/carts/1/lines/2","method":"PATCH","schema":"https://us1.api.mailchimp.com/schema/3.0/Ecommerce/Stores/Carts/Lines/Instance.json"},{"rel":"delete","href":"https://us1.api.mailchimp.com/3.0/ecommerce/stores/dummy-store-id/carts/1/lines/2","method":"DELETE"}]}],"created_at":"2016-08-04T16:54:29+00:00","updated_at":"2016-08-04T16:54:29+00:00","_links":[{"rel":"self","href":"https://us1.api.mailchimp.com/3.0/ecommerce/stores/dummy-store-id/carts/1","method":"GET","targetSchema":"https://us1.api.mailchimp.com/schema/3.0/Ecommerce/Stores/Carts/Instance.json"},{"rel":"parent","href":"https://us1.api.mailchimp.com/3.0/ecommerce/stores/dummy-store-id/carts","method":"GET","targetSchema":"https://us1.api.mailchimp.com/schema/3.0/Ecommerce/Stores/Carts/Collection.json"},{"rel":"update","href":"https://us1.api.mailchimp.com/3.0/ecommerce/stores/dummy-store-id/carts/1","method":"PATCH","schema":"https://us1.api.mailchimp.com/schema/3.0/Ecommerce/Stores/Carts/Instance.json"},{"rel":"delete","href":"https://us1.api.mailchimp.com/3.0/ecommerce/stores/dummy-store-id/carts/1","method":"DELETE"}]}'
    http_version: 
  recorded_at: Thu, 04 Aug 2016 16:54:29 GMT
- request:
    method: get
    uri: https://us1.api.mailchimp.com/3.0/ecommerce/stores/dummy-store-id/carts/1
    body:
      encoding: US-ASCII
      string: ''
    headers:
      Authorization:
      - Basic <OMITTED AUTH HEADER>
      Connection:
      - close
      Host:
      - us1.api.mailchimp.com
      User-Agent:
      - http.rb/2.0.2
  response:
    status:
      code: 200
      message: OK
    headers:
      Server:
      - nginx
      Content-Type:
      - application/json; charset=utf-8
      Content-Length:
      - '4477'
      Vary:
      - Accept-Encoding
      X-Request-Id:
      - 0988d0ee-918d-42a9-bec3-2d37bbbaaa22
      Link:
      - <https://us1.api.mailchimp.com/schema/3.0/Ecommerce/Stores/Carts/Instance.json>;
        rel="describedBy"
      Date:
      - Thu, 04 Aug 2016 16:54:29 GMT
      Connection:
      - close
      Set-Cookie:
      - _AVESTA_ENVIRONMENT=prod; path=/
    body:
      encoding: UTF-8
      string: '{"id":"1","customer":{"id":"1-test-order-synchronizer-at-friendsoftheweb.org","email_address":"test-order-synchronizer@friendsoftheweb.org","opt_in_status":false,"company":"","first_name":"","last_name":"","orders_count":0,"total_spent":0,"address":{"address1":"","address2":"","city":"","province":"","province_code":"","postal_code":"","country":"","country_code":""},"created_at":"2016-08-04T16:54:29+00:00","updated_at":"2016-08-04T16:54:29+00:00","_links":[{"rel":"self","href":"https://us1.api.mailchimp.com/3.0/ecommerce/stores/dummy-store-id/customers/1-test-order-synchronizer-at-friendsoftheweb.org","method":"GET","targetSchema":"https://us1.api.mailchimp.com/schema/3.0/Ecommerce/Stores/Customers/Instance.json"},{"rel":"parent","href":"https://us1.api.mailchimp.com/3.0/ecommerce/stores/dummy-store-id/customers","method":"GET","targetSchema":"https://us1.api.mailchimp.com/schema/3.0/Ecommerce/Stores/Customers/Collection.json"},{"rel":"update","href":"https://us1.api.mailchimp.com/3.0/ecommerce/stores/dummy-store-id/customers/1-test-order-synchronizer-at-friendsoftheweb.org","method":"PATCH","schema":"https://us1.api.mailchimp.com/schema/3.0/Ecommerce/Stores/Customers/Instance.json"},{"rel":"upsert","href":"https://us1.api.mailchimp.com/3.0/ecommerce/stores/dummy-store-id/customers/1-test-order-synchronizer-at-friendsoftheweb.org","method":"PUT","schema":"https://us1.api.mailchimp.com/schema/3.0/Ecommerce/Stores/Customers/Instance.json"},{"rel":"delete","href":"https://us1.api.mailchimp.com/3.0/ecommerce/stores/dummy-store-id/customers/1-test-order-synchronizer-at-friendsoftheweb.org","method":"DELETE"}]},"campaign_id":"","checkout_url":"http://www.example.com/cart","currency_code":"USD","order_total":120,"tax_total":0,"lines":[{"id":"1","product_id":"1","product_title":"Product
        #3 - 5975","product_variant_id":"1","product_variant_title":"Goobers - El","quantity":1,"price":10,"_links":[{"rel":"self","href":"https://us1.api.mailchimp.com/3.0/ecommerce/stores/dummy-store-id/carts/1/lines/1","method":"GET","targetSchema":"https://us1.api.mailchimp.com/schema/3.0/Ecommerce/Stores/Carts/Lines/Instance.json"},{"rel":"parent","href":"https://us1.api.mailchimp.com/3.0/ecommerce/stores/dummy-store-id/carts/1","method":"GET","targetSchema":"https://us1.api.mailchimp.com/schema/3.0/Ecommerce/Stores/Carts/Collection.json"},{"rel":"update","href":"https://us1.api.mailchimp.com/3.0/ecommerce/stores/dummy-store-id/carts/1/lines/1","method":"PATCH","schema":"https://us1.api.mailchimp.com/schema/3.0/Ecommerce/Stores/Carts/Lines/Instance.json"},{"rel":"delete","href":"https://us1.api.mailchimp.com/3.0/ecommerce/stores/dummy-store-id/carts/1/lines/1","method":"DELETE"}]},{"id":"2","product_id":"2","product_title":"Product
        #2 - 3729","product_variant_id":"2","product_variant_title":"Goobers - Em","quantity":1,"price":10,"_links":[{"rel":"self","href":"https://us1.api.mailchimp.com/3.0/ecommerce/stores/dummy-store-id/carts/1/lines/2","method":"GET","targetSchema":"https://us1.api.mailchimp.com/schema/3.0/Ecommerce/Stores/Carts/Lines/Instance.json"},{"rel":"parent","href":"https://us1.api.mailchimp.com/3.0/ecommerce/stores/dummy-store-id/carts/1","method":"GET","targetSchema":"https://us1.api.mailchimp.com/schema/3.0/Ecommerce/Stores/Carts/Collection.json"},{"rel":"update","href":"https://us1.api.mailchimp.com/3.0/ecommerce/stores/dummy-store-id/carts/1/lines/2","method":"PATCH","schema":"https://us1.api.mailchimp.com/schema/3.0/Ecommerce/Stores/Carts/Lines/Instance.json"},{"rel":"delete","href":"https://us1.api.mailchimp.com/3.0/ecommerce/stores/dummy-store-id/carts/1/lines/2","method":"DELETE"}]}],"created_at":"2016-08-04T16:54:29+00:00","updated_at":"2016-08-04T16:54:29+00:00","_links":[{"rel":"self","href":"https://us1.api.mailchimp.com/3.0/ecommerce/stores/dummy-store-id/carts/1","method":"GET","targetSchema":"https://us1.api.mailchimp.com/schema/3.0/Ecommerce/Stores/Carts/Instance.json"},{"rel":"parent","href":"https://us1.api.mailchimp.com/3.0/ecommerce/stores/dummy-store-id/carts","method":"GET","targetSchema":"https://us1.api.mailchimp.com/schema/3.0/Ecommerce/Stores/Carts/Collection.json"},{"rel":"update","href":"https://us1.api.mailchimp.com/3.0/ecommerce/stores/dummy-store-id/carts/1","method":"PATCH","schema":"https://us1.api.mailchimp.com/schema/3.0/Ecommerce/Stores/Carts/Instance.json"},{"rel":"delete","href":"https://us1.api.mailchimp.com/3.0/ecommerce/stores/dummy-store-id/carts/1","method":"DELETE"}]}'
    http_version: 
  recorded_at: Thu, 04 Aug 2016 16:54:29 GMT
- request:
    method: delete
    uri: https://us1.api.mailchimp.com/3.0/ecommerce/stores/dummy-store-id/carts/1
    body:
      encoding: US-ASCII
      string: ''
    headers:
      Authorization:
      - Basic <OMITTED AUTH HEADER>
      Connection:
      - close
      Host:
      - us1.api.mailchimp.com
      User-Agent:
      - http.rb/2.0.2
  response:
    status:
      code: 204
      message: No Content
    headers:
      Server:
      - nginx
      Content-Type:
      - application/json; charset=utf-8
      Content-Length:
      - '0'
      X-Request-Id:
      - 5faa480e-40b4-4c6b-a08f-f7297e1e98cf
      Date:
      - Thu, 04 Aug 2016 16:54:30 GMT
      Connection:
      - close
      Set-Cookie:
      - _AVESTA_ENVIRONMENT=prod; path=/
    body:
      encoding: UTF-8
      string: ''
    http_version: 
  recorded_at: Thu, 04 Aug 2016 16:54:30 GMT
- request:
    method: delete
    uri: https://us1.api.mailchimp.com/3.0/ecommerce/stores/dummy-store-id/orders/1
    body:
      encoding: US-ASCII
      string: ''
    headers:
      Authorization:
      - Basic <OMITTED AUTH HEADER>
      Connection:
      - close
      Host:
      - us1.api.mailchimp.com
      User-Agent:
      - http.rb/2.0.2
  response:
    status:
      code: 404
      message: Not Found
    headers:
      Server:
      - nginx
      Content-Type:
      - application/problem+json; charset=utf-8
      Content-Length:
      - '198'
      X-Request-Id:
      - 97ca6721-6389-4c95-9ea3-f9ef26530d7c
      Link:
      - <https://us1.api.mailchimp.com/schema/3.0/ProblemDetailDocument.json>; rel="describedBy"
      Date:
      - Thu, 04 Aug 2016 16:54:30 GMT
      Connection:
      - close
      Set-Cookie:
      - _AVESTA_ENVIRONMENT=prod; path=/
    body:
      encoding: UTF-8
      string: '{"type":"http://developer.mailchimp.com/documentation/mailchimp/guides/error-glossary/","title":"Resource
        Not Found","status":404,"detail":"The requested resource could not be found.","instance":""}'
    http_version: 
  recorded_at: Thu, 04 Aug 2016 16:54:30 GMT
- request:
    method: delete
    uri: https://us1.api.mailchimp.com/3.0/ecommerce/stores/dummy-store-id/customers/1-test-order-synchronizer-at-friendsoftheweb.org
    body:
      encoding: US-ASCII
      string: ''
    headers:
      Authorization:
      - Basic <OMITTED AUTH HEADER>
      Connection:
      - close
      Host:
      - us1.api.mailchimp.com
      User-Agent:
      - http.rb/2.0.2
  response:
    status:
      code: 204
      message: No Content
    headers:
      Server:
      - nginx
      Content-Type:
      - application/json; charset=utf-8
      Content-Length:
      - '0'
      X-Request-Id:
      - 042df9a0-b600-431e-956b-18526a01f48a
      Date:
      - Thu, 04 Aug 2016 16:54:30 GMT
      Connection:
      - close
      Set-Cookie:
      - _AVESTA_ENVIRONMENT=prod; path=/
    body:
      encoding: UTF-8
      string: ''
    http_version: 
  recorded_at: Thu, 04 Aug 2016 16:54:30 GMT
recorded_with: VCR 3.0.3
