---
http_interactions:
- request:
    method: delete
    uri: https://us1.api.mailchimp.com/3.0/ecommerce/stores/dummy-store-id/customers/1-test-order-synchronizer-at-friendsoftheweb.org
    body:
      encoding: US-ASCII
      string: ''
    headers:
      Authorization:
      - Basic <OMITTED AUTH HEADER>
      Connection:
      - close
      Host:
      - us1.api.mailchimp.com
      User-Agent:
      - http.rb/2.0.2
  response:
    status:
      code: 404
      message: Not Found
    headers:
      Server:
      - nginx
      Content-Type:
      - application/problem+json; charset=utf-8
      Content-Length:
      - '198'
      X-Request-Id:
      - 0c0fb8be-0643-4ca3-8ff7-2784759c2bb2
      Link:
      - <https://us1.api.mailchimp.com/schema/3.0/ProblemDetailDocument.json>; rel="describedBy"
      Date:
      - Thu, 28 Jul 2016 16:54:14 GMT
      Connection:
      - close
      Set-Cookie:
      - _AVESTA_ENVIRONMENT=prod; path=/
    body:
      encoding: UTF-8
      string: '{"type":"http://developer.mailchimp.com/documentation/mailchimp/guides/error-glossary/","title":"Resource
        Not Found","status":404,"detail":"The requested resource could not be found.","instance":""}'
    http_version: 
  recorded_at: Thu, 28 Jul 2016 16:54:14 GMT
- request:
    method: get
    uri: https://us1.api.mailchimp.com/3.0/ecommerce/stores/dummy-store-id/customers/1-test-order-synchronizer-at-friendsoftheweb.org
    body:
      encoding: US-ASCII
      string: ''
    headers:
      Authorization:
      - Basic <OMITTED AUTH HEADER>
      Connection:
      - close
      Host:
      - us1.api.mailchimp.com
      User-Agent:
      - http.rb/2.0.2
  response:
    status:
      code: 404
      message: Not Found
    headers:
      Server:
      - nginx
      Content-Type:
      - application/problem+json; charset=utf-8
      Content-Length:
      - '198'
      X-Request-Id:
      - 3ff20000-65b3-4156-a913-b9cb499435cd
      Link:
      - <https://us1.api.mailchimp.com/schema/3.0/ProblemDetailDocument.json>; rel="describedBy"
      Date:
      - Thu, 28 Jul 2016 16:54:14 GMT
      Connection:
      - close
      Set-Cookie:
      - _AVESTA_ENVIRONMENT=prod; path=/
    body:
      encoding: UTF-8
      string: '{"type":"http://developer.mailchimp.com/documentation/mailchimp/guides/error-glossary/","title":"Resource
        Not Found","status":404,"detail":"The requested resource could not be found.","instance":""}'
    http_version: 
  recorded_at: Thu, 28 Jul 2016 16:54:14 GMT
- request:
    method: put
    uri: https://us1.api.mailchimp.com/3.0/ecommerce/stores/dummy-store-id/customers/1-test-order-synchronizer-at-friendsoftheweb.org
    body:
      encoding: UTF-8
      string: '{"id":"1-test-order-synchronizer-at-friendsoftheweb.org","email_address":"test-order-synchronizer@friendsoftheweb.org","opt_in_status":false}'
    headers:
      Authorization:
      - Basic <OMITTED AUTH HEADER>
      Connection:
      - close
      Content-Type:
      - application/json; charset=UTF-8
      Host:
      - us1.api.mailchimp.com
      User-Agent:
      - http.rb/2.0.2
  response:
    status:
      code: 200
      message: OK
    headers:
      Server:
      - nginx
      Content-Type:
      - application/json; charset=utf-8
      Content-Length:
      - '1611'
      Vary:
      - Accept-Encoding
      X-Request-Id:
      - ef2feb78-bbc8-4417-b40c-c0d10080f4a5
      Link:
      - <https://us1.api.mailchimp.com/schema/3.0/Ecommerce/Stores/Customers/Instance.json>;
        rel="describedBy"
      Date:
      - Thu, 28 Jul 2016 16:54:14 GMT
      Connection:
      - close
      Set-Cookie:
      - _AVESTA_ENVIRONMENT=prod; path=/
    body:
      encoding: UTF-8
      string: '{"id":"1-test-order-synchronizer-at-friendsoftheweb.org","email_address":"test-order-synchronizer@friendsoftheweb.org","opt_in_status":false,"company":"","first_name":"","last_name":"","orders_count":0,"total_spent":0,"address":{"address1":"","address2":"","city":"","province":"","province_code":"","postal_code":"","country":"","country_code":""},"created_at":"2016-07-28T16:54:14+00:00","updated_at":"2016-07-28T16:54:14+00:00","_links":[{"rel":"self","href":"https://us1.api.mailchimp.com/3.0/ecommerce/stores/dummy-store-id/customers/1-test-order-synchronizer-at-friendsoftheweb.org","method":"GET","targetSchema":"https://us1.api.mailchimp.com/schema/3.0/Ecommerce/Stores/Customers/Instance.json"},{"rel":"parent","href":"https://us1.api.mailchimp.com/3.0/ecommerce/stores/dummy-store-id/customers","method":"GET","targetSchema":"https://us1.api.mailchimp.com/schema/3.0/Ecommerce/Stores/Customers/Collection.json"},{"rel":"update","href":"https://us1.api.mailchimp.com/3.0/ecommerce/stores/dummy-store-id/customers/1-test-order-synchronizer-at-friendsoftheweb.org","method":"PATCH","schema":"https://us1.api.mailchimp.com/schema/3.0/Ecommerce/Stores/Customers/Instance.json"},{"rel":"upsert","href":"https://us1.api.mailchimp.com/3.0/ecommerce/stores/dummy-store-id/customers/1-test-order-synchronizer-at-friendsoftheweb.org","method":"PUT","schema":"https://us1.api.mailchimp.com/schema/3.0/Ecommerce/Stores/Customers/Instance.json"},{"rel":"delete","href":"https://us1.api.mailchimp.com/3.0/ecommerce/stores/dummy-store-id/customers/1-test-order-synchronizer-at-friendsoftheweb.org","method":"DELETE"}]}'
    http_version: 
  recorded_at: Thu, 28 Jul 2016 16:54:14 GMT
- request:
    method: post
    uri: https://us1.api.mailchimp.com/3.0/ecommerce/stores/dummy-store-id/carts
    body:
      encoding: UTF-8
      string: '{"id":"1","customer":{"id":"1-test-order-synchronizer-at-friendsoftheweb.org"},"currency_code":"USD","order_total":110.0,"tax_total":0.0,"lines":[{"id":"1","product_id":"1","product_variant_id":"1","quantity":1,"price":"10.0"}],"checkout_url":"http://www.example.com/cart"}'
    headers:
      Authorization:
      - Basic <OMITTED AUTH HEADER>
      Connection:
      - close
      Content-Type:
      - application/json; charset=UTF-8
      Host:
      - us1.api.mailchimp.com
      User-Agent:
      - http.rb/2.0.2
  response:
    status:
      code: 200
      message: OK
    headers:
      Server:
      - nginx
      Content-Type:
      - application/json; charset=utf-8
      Content-Length:
      - '3540'
      Vary:
      - Accept-Encoding
      X-Request-Id:
      - 9b532f45-59e0-4f25-a177-11dbf4608619
      Link:
      - <https://us1.api.mailchimp.com/schema/3.0/Ecommerce/Stores/Carts/Instance.json>;
        rel="describedBy"
      Date:
      - Thu, 28 Jul 2016 16:54:15 GMT
      Connection:
      - close
      Set-Cookie:
      - _AVESTA_ENVIRONMENT=prod; path=/
    body:
      encoding: UTF-8
      string: '{"id":"1","customer":{"id":"1-test-order-synchronizer-at-friendsoftheweb.org","email_address":"test-order-synchronizer@friendsoftheweb.org","opt_in_status":false,"company":"","first_name":"","last_name":"","orders_count":0,"total_spent":0,"address":{"address1":"","address2":"","city":"","province":"","province_code":"","postal_code":"","country":"","country_code":""},"created_at":"2016-07-28T16:54:14+00:00","updated_at":"2016-07-28T16:54:14+00:00","_links":[{"rel":"self","href":"https://us1.api.mailchimp.com/3.0/ecommerce/stores/dummy-store-id/customers/1-test-order-synchronizer-at-friendsoftheweb.org","method":"GET","targetSchema":"https://us1.api.mailchimp.com/schema/3.0/Ecommerce/Stores/Customers/Instance.json"},{"rel":"parent","href":"https://us1.api.mailchimp.com/3.0/ecommerce/stores/dummy-store-id/customers","method":"GET","targetSchema":"https://us1.api.mailchimp.com/schema/3.0/Ecommerce/Stores/Customers/Collection.json"},{"rel":"update","href":"https://us1.api.mailchimp.com/3.0/ecommerce/stores/dummy-store-id/customers/1-test-order-synchronizer-at-friendsoftheweb.org","method":"PATCH","schema":"https://us1.api.mailchimp.com/schema/3.0/Ecommerce/Stores/Customers/Instance.json"},{"rel":"upsert","href":"https://us1.api.mailchimp.com/3.0/ecommerce/stores/dummy-store-id/customers/1-test-order-synchronizer-at-friendsoftheweb.org","method":"PUT","schema":"https://us1.api.mailchimp.com/schema/3.0/Ecommerce/Stores/Customers/Instance.json"},{"rel":"delete","href":"https://us1.api.mailchimp.com/3.0/ecommerce/stores/dummy-store-id/customers/1-test-order-synchronizer-at-friendsoftheweb.org","method":"DELETE"}]},"campaign_id":"","checkout_url":"http://www.example.com/cart","currency_code":"USD","order_total":110,"tax_total":0,"lines":[{"id":"1","product_id":"1","product_title":"Product
        #3 - 5975","product_variant_id":"1","product_variant_title":"Product #3 -
        5975","quantity":1,"price":10,"_links":[{"rel":"self","href":"https://us1.api.mailchimp.com/3.0/ecommerce/stores/dummy-store-id/carts/1/lines/1","method":"GET","targetSchema":"https://us1.api.mailchimp.com/schema/3.0/Ecommerce/Stores/Carts/Lines/Instance.json"},{"rel":"parent","href":"https://us1.api.mailchimp.com/3.0/ecommerce/stores/dummy-store-id/carts/1","method":"GET","targetSchema":"https://us1.api.mailchimp.com/schema/3.0/Ecommerce/Stores/Carts/Collection.json"},{"rel":"update","href":"https://us1.api.mailchimp.com/3.0/ecommerce/stores/dummy-store-id/carts/1/lines/1","method":"PATCH","schema":"https://us1.api.mailchimp.com/schema/3.0/Ecommerce/Stores/Carts/Lines/Instance.json"},{"rel":"delete","href":"https://us1.api.mailchimp.com/3.0/ecommerce/stores/dummy-store-id/carts/1/lines/1","method":"DELETE"}]}],"created_at":"2016-07-28T16:54:15+00:00","updated_at":"2016-07-28T16:54:15+00:00","_links":[{"rel":"self","href":"https://us1.api.mailchimp.com/3.0/ecommerce/stores/dummy-store-id/carts/1","method":"GET","targetSchema":"https://us1.api.mailchimp.com/schema/3.0/Ecommerce/Stores/Carts/Instance.json"},{"rel":"parent","href":"https://us1.api.mailchimp.com/3.0/ecommerce/stores/dummy-store-id/carts","method":"GET","targetSchema":"https://us1.api.mailchimp.com/schema/3.0/Ecommerce/Stores/Carts/Collection.json"},{"rel":"update","href":"https://us1.api.mailchimp.com/3.0/ecommerce/stores/dummy-store-id/carts/1","method":"PATCH","schema":"https://us1.api.mailchimp.com/schema/3.0/Ecommerce/Stores/Carts/Instance.json"},{"rel":"delete","href":"https://us1.api.mailchimp.com/3.0/ecommerce/stores/dummy-store-id/carts/1","method":"DELETE"}]}'
    http_version: 
  recorded_at: Thu, 28 Jul 2016 16:54:16 GMT
- request:
    method: get
    uri: https://us1.api.mailchimp.com/3.0/ecommerce/stores/dummy-store-id/carts/1
    body:
      encoding: US-ASCII
      string: ''
    headers:
      Authorization:
      - Basic <OMITTED AUTH HEADER>
      Connection:
      - close
      Host:
      - us1.api.mailchimp.com
      User-Agent:
      - http.rb/2.0.2
  response:
    status:
      code: 200
      message: OK
    headers:
      Server:
      - nginx
      Content-Type:
      - application/json; charset=utf-8
      Content-Length:
      - '3540'
      Vary:
      - Accept-Encoding
      X-Request-Id:
      - f2affa43-ff93-4701-9891-1ab9ea9f9ffc
      Link:
      - <https://us1.api.mailchimp.com/schema/3.0/Ecommerce/Stores/Carts/Instance.json>;
        rel="describedBy"
      Date:
      - Thu, 28 Jul 2016 16:54:16 GMT
      Connection:
      - close
      Set-Cookie:
      - _AVESTA_ENVIRONMENT=prod; path=/
    body:
      encoding: UTF-8
      string: '{"id":"1","customer":{"id":"1-test-order-synchronizer-at-friendsoftheweb.org","email_address":"test-order-synchronizer@friendsoftheweb.org","opt_in_status":false,"company":"","first_name":"","last_name":"","orders_count":0,"total_spent":0,"address":{"address1":"","address2":"","city":"","province":"","province_code":"","postal_code":"","country":"","country_code":""},"created_at":"2016-07-28T16:54:14+00:00","updated_at":"2016-07-28T16:54:14+00:00","_links":[{"rel":"self","href":"https://us1.api.mailchimp.com/3.0/ecommerce/stores/dummy-store-id/customers/1-test-order-synchronizer-at-friendsoftheweb.org","method":"GET","targetSchema":"https://us1.api.mailchimp.com/schema/3.0/Ecommerce/Stores/Customers/Instance.json"},{"rel":"parent","href":"https://us1.api.mailchimp.com/3.0/ecommerce/stores/dummy-store-id/customers","method":"GET","targetSchema":"https://us1.api.mailchimp.com/schema/3.0/Ecommerce/Stores/Customers/Collection.json"},{"rel":"update","href":"https://us1.api.mailchimp.com/3.0/ecommerce/stores/dummy-store-id/customers/1-test-order-synchronizer-at-friendsoftheweb.org","method":"PATCH","schema":"https://us1.api.mailchimp.com/schema/3.0/Ecommerce/Stores/Customers/Instance.json"},{"rel":"upsert","href":"https://us1.api.mailchimp.com/3.0/ecommerce/stores/dummy-store-id/customers/1-test-order-synchronizer-at-friendsoftheweb.org","method":"PUT","schema":"https://us1.api.mailchimp.com/schema/3.0/Ecommerce/Stores/Customers/Instance.json"},{"rel":"delete","href":"https://us1.api.mailchimp.com/3.0/ecommerce/stores/dummy-store-id/customers/1-test-order-synchronizer-at-friendsoftheweb.org","method":"DELETE"}]},"campaign_id":"","checkout_url":"http://www.example.com/cart","currency_code":"USD","order_total":110,"tax_total":0,"lines":[{"id":"1","product_id":"1","product_title":"Product
        #3 - 5975","product_variant_id":"1","product_variant_title":"Product #3 -
        5975","quantity":1,"price":10,"_links":[{"rel":"self","href":"https://us1.api.mailchimp.com/3.0/ecommerce/stores/dummy-store-id/carts/1/lines/1","method":"GET","targetSchema":"https://us1.api.mailchimp.com/schema/3.0/Ecommerce/Stores/Carts/Lines/Instance.json"},{"rel":"parent","href":"https://us1.api.mailchimp.com/3.0/ecommerce/stores/dummy-store-id/carts/1","method":"GET","targetSchema":"https://us1.api.mailchimp.com/schema/3.0/Ecommerce/Stores/Carts/Collection.json"},{"rel":"update","href":"https://us1.api.mailchimp.com/3.0/ecommerce/stores/dummy-store-id/carts/1/lines/1","method":"PATCH","schema":"https://us1.api.mailchimp.com/schema/3.0/Ecommerce/Stores/Carts/Lines/Instance.json"},{"rel":"delete","href":"https://us1.api.mailchimp.com/3.0/ecommerce/stores/dummy-store-id/carts/1/lines/1","method":"DELETE"}]}],"created_at":"2016-07-28T16:54:15+00:00","updated_at":"2016-07-28T16:54:15+00:00","_links":[{"rel":"self","href":"https://us1.api.mailchimp.com/3.0/ecommerce/stores/dummy-store-id/carts/1","method":"GET","targetSchema":"https://us1.api.mailchimp.com/schema/3.0/Ecommerce/Stores/Carts/Instance.json"},{"rel":"parent","href":"https://us1.api.mailchimp.com/3.0/ecommerce/stores/dummy-store-id/carts","method":"GET","targetSchema":"https://us1.api.mailchimp.com/schema/3.0/Ecommerce/Stores/Carts/Collection.json"},{"rel":"update","href":"https://us1.api.mailchimp.com/3.0/ecommerce/stores/dummy-store-id/carts/1","method":"PATCH","schema":"https://us1.api.mailchimp.com/schema/3.0/Ecommerce/Stores/Carts/Instance.json"},{"rel":"delete","href":"https://us1.api.mailchimp.com/3.0/ecommerce/stores/dummy-store-id/carts/1","method":"DELETE"}]}'
    http_version: 
  recorded_at: Thu, 28 Jul 2016 16:54:16 GMT
- request:
    method: get
    uri: https://us1.api.mailchimp.com/3.0/ecommerce/stores/dummy-store-id/customers/1-test-order-synchronizer-at-friendsoftheweb.org
    body:
      encoding: US-ASCII
      string: ''
    headers:
      Authorization:
      - Basic <OMITTED AUTH HEADER>
      Connection:
      - close
      Host:
      - us1.api.mailchimp.com
      User-Agent:
      - http.rb/2.0.2
  response:
    status:
      code: 200
      message: OK
    headers:
      Server:
      - nginx
      Content-Type:
      - application/json; charset=utf-8
      Content-Length:
      - '1611'
      Vary:
      - Accept-Encoding
      X-Request-Id:
      - d0c08a15-0781-404a-8972-6ec640cb2dca
      Link:
      - <https://us1.api.mailchimp.com/schema/3.0/Ecommerce/Stores/Customers/Instance.json>;
        rel="describedBy"
      Date:
      - Thu, 28 Jul 2016 16:54:16 GMT
      Connection:
      - close
      Set-Cookie:
      - _AVESTA_ENVIRONMENT=prod; path=/
    body:
      encoding: UTF-8
      string: '{"id":"1-test-order-synchronizer-at-friendsoftheweb.org","email_address":"test-order-synchronizer@friendsoftheweb.org","opt_in_status":false,"company":"","first_name":"","last_name":"","orders_count":0,"total_spent":0,"address":{"address1":"","address2":"","city":"","province":"","province_code":"","postal_code":"","country":"","country_code":""},"created_at":"2016-07-28T16:54:14+00:00","updated_at":"2016-07-28T16:54:14+00:00","_links":[{"rel":"self","href":"https://us1.api.mailchimp.com/3.0/ecommerce/stores/dummy-store-id/customers/1-test-order-synchronizer-at-friendsoftheweb.org","method":"GET","targetSchema":"https://us1.api.mailchimp.com/schema/3.0/Ecommerce/Stores/Customers/Instance.json"},{"rel":"parent","href":"https://us1.api.mailchimp.com/3.0/ecommerce/stores/dummy-store-id/customers","method":"GET","targetSchema":"https://us1.api.mailchimp.com/schema/3.0/Ecommerce/Stores/Customers/Collection.json"},{"rel":"update","href":"https://us1.api.mailchimp.com/3.0/ecommerce/stores/dummy-store-id/customers/1-test-order-synchronizer-at-friendsoftheweb.org","method":"PATCH","schema":"https://us1.api.mailchimp.com/schema/3.0/Ecommerce/Stores/Customers/Instance.json"},{"rel":"upsert","href":"https://us1.api.mailchimp.com/3.0/ecommerce/stores/dummy-store-id/customers/1-test-order-synchronizer-at-friendsoftheweb.org","method":"PUT","schema":"https://us1.api.mailchimp.com/schema/3.0/Ecommerce/Stores/Customers/Instance.json"},{"rel":"delete","href":"https://us1.api.mailchimp.com/3.0/ecommerce/stores/dummy-store-id/customers/1-test-order-synchronizer-at-friendsoftheweb.org","method":"DELETE"}]}'
    http_version: 
  recorded_at: Thu, 28 Jul 2016 16:54:16 GMT
- request:
    method: delete
    uri: https://us1.api.mailchimp.com/3.0/ecommerce/stores/dummy-store-id/carts/1
    body:
      encoding: US-ASCII
      string: ''
    headers:
      Authorization:
      - Basic <OMITTED AUTH HEADER>
      Connection:
      - close
      Host:
      - us1.api.mailchimp.com
      User-Agent:
      - http.rb/2.0.2
  response:
    status:
      code: 204
      message: No Content
    headers:
      Server:
      - nginx
      Content-Type:
      - application/json; charset=utf-8
      Content-Length:
      - '0'
      X-Request-Id:
      - ec21c3f7-96f0-4f6a-94d0-194eeb19a60a
      Date:
      - Thu, 28 Jul 2016 16:54:16 GMT
      Connection:
      - close
      Set-Cookie:
      - _AVESTA_ENVIRONMENT=prod; path=/
    body:
      encoding: UTF-8
      string: ''
    http_version: 
  recorded_at: Thu, 28 Jul 2016 16:54:16 GMT
- request:
    method: delete
    uri: https://us1.api.mailchimp.com/3.0/ecommerce/stores/dummy-store-id/orders/1
    body:
      encoding: US-ASCII
      string: ''
    headers:
      Authorization:
      - Basic <OMITTED AUTH HEADER>
      Connection:
      - close
      Host:
      - us1.api.mailchimp.com
      User-Agent:
      - http.rb/2.0.2
  response:
    status:
      code: 404
      message: Not Found
    headers:
      Server:
      - nginx
      Content-Type:
      - application/problem+json; charset=utf-8
      Content-Length:
      - '198'
      X-Request-Id:
      - 20f9e3a8-ac79-450a-bd9c-b38ef0598e52
      Link:
      - <https://us1.api.mailchimp.com/schema/3.0/ProblemDetailDocument.json>; rel="describedBy"
      Date:
      - Thu, 28 Jul 2016 16:54:17 GMT
      Connection:
      - close
      Set-Cookie:
      - _AVESTA_ENVIRONMENT=prod; path=/
    body:
      encoding: UTF-8
      string: '{"type":"http://developer.mailchimp.com/documentation/mailchimp/guides/error-glossary/","title":"Resource
        Not Found","status":404,"detail":"The requested resource could not be found.","instance":""}'
    http_version: 
  recorded_at: Thu, 28 Jul 2016 16:54:17 GMT
- request:
    method: delete
    uri: https://us1.api.mailchimp.com/3.0/ecommerce/stores/dummy-store-id/customers/1-test-order-synchronizer-at-friendsoftheweb.org
    body:
      encoding: US-ASCII
      string: ''
    headers:
      Authorization:
      - Basic <OMITTED AUTH HEADER>
      Connection:
      - close
      Host:
      - us1.api.mailchimp.com
      User-Agent:
      - http.rb/2.0.2
  response:
    status:
      code: 204
      message: No Content
    headers:
      Server:
      - nginx
      Content-Type:
      - application/json; charset=utf-8
      Content-Length:
      - '0'
      X-Request-Id:
      - b8a6578f-a024-45f1-a81d-23fd38cdf0e8
      Date:
      - Thu, 28 Jul 2016 16:54:17 GMT
      Connection:
      - close
      Set-Cookie:
      - _AVESTA_ENVIRONMENT=prod; path=/
    body:
      encoding: UTF-8
      string: ''
    http_version: 
  recorded_at: Thu, 28 Jul 2016 16:54:17 GMT
recorded_with: VCR 3.0.3
