---
http_interactions:
- request:
    method: delete
    uri: https://us1.api.mailchimp.com/3.0/ecommerce/stores/dummy-store-id/customers/1-test-user-synchronizer@friendsoftheweb.org
    body:
      encoding: US-ASCII
      string: ''
    headers:
      Authorization:
      - Basic <OMITTED AUTH HEADER>
      Connection:
      - close
      Host:
      - us1.api.mailchimp.com
      User-Agent:
      - http.rb/2.0.2
  response:
    status:
      code: 204
      message: No Content
    headers:
      Server:
      - nginx
      Content-Type:
      - application/json; charset=utf-8
      Content-Length:
      - '0'
      X-Request-Id:
      - 39e7e371-7d68-4927-80d6-8de70cdffd40
      Date:
      - Tue, 26 Jul 2016 21:21:18 GMT
      Connection:
      - close
      Set-Cookie:
      - _AVESTA_ENVIRONMENT=prod; path=/
    body:
      encoding: UTF-8
      string: ''
    http_version: 
  recorded_at: Tue, 26 Jul 2016 21:21:18 GMT
- request:
    method: put
    uri: https://us1.api.mailchimp.com/3.0/ecommerce/stores/dummy-store-id/customers/1
    body:
      encoding: UTF-8
      string: '{"id":"1-test-user-synchronizer@friendsoftheweb.org","email_address":"test-user-synchronizer@friendsoftheweb.org","opt_in_status":false}'
    headers:
      Authorization:
      - Basic <OMITTED AUTH HEADER>
      Connection:
      - close
      Content-Type:
      - application/json; charset=UTF-8
      Host:
      - us1.api.mailchimp.com
      User-Agent:
      - http.rb/2.0.2
  response:
    status:
      code: 200
      message: OK
    headers:
      Server:
      - nginx
      Content-Type:
      - application/json; charset=utf-8
      Content-Length:
      - '1590'
      Vary:
      - Accept-Encoding
      X-Request-Id:
      - da17b1f5-54ac-48cd-b9bd-c537271ff16c
      Link:
      - <https://us1.api.mailchimp.com/schema/3.0/Ecommerce/Stores/Customers/Instance.json>;
        rel="describedBy"
      Date:
      - Tue, 26 Jul 2016 21:21:18 GMT
      Connection:
      - close
      Set-Cookie:
      - _AVESTA_ENVIRONMENT=prod; path=/
    body:
      encoding: UTF-8
      string: '{"id":"1-test-user-synchronizer@friendsoftheweb.org","email_address":"test-user-synchronizer@friendsoftheweb.org","opt_in_status":false,"company":"","first_name":"","last_name":"","orders_count":0,"total_spent":0,"address":{"address1":"","address2":"","city":"","province":"","province_code":"","postal_code":"","country":"","country_code":""},"created_at":"2016-07-26T21:21:18+00:00","updated_at":"2016-07-26T21:21:18+00:00","_links":[{"rel":"self","href":"https://us1.api.mailchimp.com/3.0/ecommerce/stores/dummy-store-id/customers/1-test-user-synchronizer@friendsoftheweb.org","method":"GET","targetSchema":"https://us1.api.mailchimp.com/schema/3.0/Ecommerce/Stores/Customers/Instance.json"},{"rel":"parent","href":"https://us1.api.mailchimp.com/3.0/ecommerce/stores/dummy-store-id/customers","method":"GET","targetSchema":"https://us1.api.mailchimp.com/schema/3.0/Ecommerce/Stores/Customers/Collection.json"},{"rel":"update","href":"https://us1.api.mailchimp.com/3.0/ecommerce/stores/dummy-store-id/customers/1-test-user-synchronizer@friendsoftheweb.org","method":"PATCH","schema":"https://us1.api.mailchimp.com/schema/3.0/Ecommerce/Stores/Customers/Instance.json"},{"rel":"upsert","href":"https://us1.api.mailchimp.com/3.0/ecommerce/stores/dummy-store-id/customers/1-test-user-synchronizer@friendsoftheweb.org","method":"PUT","schema":"https://us1.api.mailchimp.com/schema/3.0/Ecommerce/Stores/Customers/Instance.json"},{"rel":"delete","href":"https://us1.api.mailchimp.com/3.0/ecommerce/stores/dummy-store-id/customers/1-test-user-synchronizer@friendsoftheweb.org","method":"DELETE"}]}'
    http_version: 
  recorded_at: Tue, 26 Jul 2016 21:21:18 GMT
- request:
    method: delete
    uri: https://us1.api.mailchimp.com/3.0/ecommerce/stores/dummy-store-id/customers/1-test-user-synchronizer@friendsoftheweb.org
    body:
      encoding: US-ASCII
      string: ''
    headers:
      Authorization:
      - Basic <OMITTED AUTH HEADER>
      Connection:
      - close
      Host:
      - us1.api.mailchimp.com
      User-Agent:
      - http.rb/2.0.2
  response:
    status:
      code: 204
      message: No Content
    headers:
      Server:
      - nginx
      Content-Type:
      - application/json; charset=utf-8
      Content-Length:
      - '0'
      X-Request-Id:
      - e763f1f8-2770-4e2b-8f6e-bfb8874d143f
      Date:
      - Tue, 26 Jul 2016 21:21:18 GMT
      Connection:
      - close
      Set-Cookie:
      - _AVESTA_ENVIRONMENT=prod; path=/
    body:
      encoding: UTF-8
      string: ''
    http_version: 
  recorded_at: Tue, 26 Jul 2016 21:21:18 GMT
recorded_with: VCR 3.0.3
